label=chui_miner
dataset=liquor_11
command=/home/autocookie/pomaieco/dm/bin/dm.exe chui_miner /home/autocookie/pomaieco/dm/datasets/utilities/liquor_11.txt 1 5000
timeout=90s
----- output -----
Loading dataset (1): /home/autocookie/pomaieco/dm/datasets/utilities/liquor_11.txt
Executing CHUI-Miner...
[CHUI-Miner] MinUtil: 5000.00
[CHUI-Miner] Found 6866 Closed High Utility Itemsets.

============================================================
                  DATA MINING BENCHMARK REPORT              
============================================================
 Algorithm   : CHUI-Miner
 Dataset     : /home/autocookie/pomaieco/dm/datasets/utilities/liquor_11.txt
------------------------------------------------------------
 [1] TIMING (High-Res)
     - I/O Load Data    :    116.505 ms
     - Algorithm Core   :  14145.315 ms
     - Write Results    :      0.000 ms
     - TOTAL WALL TIME  :  14263.771 ms
------------------------------------------------------------
 [2] CPU UTILIZATION
     - User Mode (CPU)  :  14104.379 ms
     - Kernel Mode (SYS):     17.119 ms
     - Threading Score  :       99.8 %
------------------------------------------------------------
 [3] MEMORY PROFILING
     - Peak RAM (VmHWM) :      34.12 MB  (34936 KB)
------------------------------------------------------------
 [4] STORAGE FOOTPRINT (Result Set)
     - RAM Occupied     :       0.16 MB  (164784 Bytes)
     - Est. Disk (.txt) :       0.05 MB  (54928 Bytes)
------------------------------------------------------------
 [5] MINING RESULTS
     - Frequent Itemsets: 6866
     - Total Items      : 0
============================================================

runner_status=OK
