label=chuo_miner
dataset=liquor_11
command=/home/autocookie/pomaieco/dm/bin/chuo_miner --input /home/autocookie/pomaieco/dm/datasets/utilities/liquor_11.txt --minutil 5000 --minsup 0.02 --minocc 0.30
timeout=90s
----- output -----
CHUO-Miner
input=/home/autocookie/pomaieco/dm/datasets/utilities/liquor_11.txt
transactions=52131
max_item_id=998546
minsup_ratio=0.02
minsup_count=1043
min_utility=5000
min_occupancy=0.3
status=OK
load_sec=0.101213
runtime_sec=2.267397
total_sec=2.368625
peak_ram_mb=57.507812
surviving_items=94
visited_nodes=167
generated_children=4547
joined_entries=997324
pruned_twu=3932
pruned_support=4375
pruned_ruu=0
pruned_oub=5
pruned_backward=0
closure_jumps=0
closure_hash_hits=0
output_count=28
total_output_items=66
avg_output_length=2.357143
avg_support=1866.285714
avg_utility=202851.682500
avg_occupancy=0.352396
best_utility=683649.590000
best_occupancy=0.506641
max_depth=4
signatures_built=28
signature_value_records=66
reconstruction_checks=1
reconstruction_failures=0
result_ram_bytes=3416
result_disk_est_bytes=5776
runner_status=OK
