label=chuo_miner
dataset=foodmart
command=/home/autocookie/pomaieco/dm/bin/chuo_miner --input /home/autocookie/pomaieco/dm/datasets/utilities/foodmart.txt --minutil 500 --minsup 0.005 --minocc 0.10
timeout=90s
----- output -----
CHUO-Miner
input=/home/autocookie/pomaieco/dm/datasets/utilities/foodmart.txt
transactions=4141
max_item_id=1559
minsup_ratio=0.005
minsup_count=21
min_utility=500
min_occupancy=0.1
status=OK
load_sec=0.005197
runtime_sec=0.001610
total_sec=0.006821
peak_ram_mb=3.117188
surviving_items=12
visited_nodes=12
generated_children=78
joined_entries=268
pruned_twu=1547
pruned_support=66
pruned_ruu=0
pruned_oub=0
pruned_backward=0
closure_jumps=0
closure_hash_hits=0
output_count=12
total_output_items=12
avg_output_length=1.000000
avg_support=22.000000
avg_utility=14721.500000
avg_occupancy=0.984962
best_utility=25560.000000
best_occupancy=1.000000
max_depth=1
signatures_built=12
signature_value_records=12
reconstruction_checks=1
reconstruction_failures=0
result_ram_bytes=1008
result_disk_est_bytes=1824
runner_status=OK
