label=chuo_miner
dataset=chainstore
command=/home/autocookie/pomaieco/dm/bin/chuo_miner --input /home/autocookie/pomaieco/dm/datasets/utilities/chainstore.txt --minutil 50000 --minsup 0.01 --minocc 0.20
timeout=90s
----- output -----
CHUO-Miner
input=/home/autocookie/pomaieco/dm/datasets/utilities/chainstore.txt
transactions=1112949
max_item_id=46086
minsup_ratio=0.01
minsup_count=11130
min_utility=50000
min_occupancy=0.2
status=OK
load_sec=1.899448
runtime_sec=2.856309
total_sec=4.755773
peak_ram_mb=435.796875
surviving_items=45
visited_nodes=45
generated_children=1035
joined_entries=1587016
pruned_twu=46041
pruned_support=990
pruned_ruu=0
pruned_oub=0
pruned_backward=0
closure_jumps=0
closure_hash_hits=0
output_count=45
total_output_items=45
avg_output_length=1.000000
avg_support=20068.000000
avg_utility=5860793.244444
avg_occupancy=0.551092
best_utility=32289383.000000
best_occupancy=0.873271
max_depth=1
signatures_built=45
signature_value_records=45
reconstruction_checks=1
reconstruction_failures=0
result_ram_bytes=3780
result_disk_est_bytes=6840
runner_status=OK
