label=efim_closed
dataset=liquor_11
command=/home/autocookie/pomaieco/dm/bin/dm.exe efim_closed /home/autocookie/pomaieco/dm/datasets/utilities/liquor_11.txt 1 5000
timeout=90s
----- output -----
Loading dataset (1): /home/autocookie/pomaieco/dm/datasets/utilities/liquor_11.txt
Executing EFIM-Closed Algorithm...
[EFIM-Closed] Found 29073 Closed High Utility Itemsets.

============================================================
                  DATA MINING BENCHMARK REPORT              
============================================================
 Algorithm   : EFIM-Closed Algorithm
 Dataset     : /home/autocookie/pomaieco/dm/datasets/utilities/liquor_11.txt
------------------------------------------------------------
 [1] TIMING (High-Res)
     - I/O Load Data    :    100.960 ms
     - Algorithm Core   :  45680.295 ms
     - Write Results    :      0.000 ms
     - TOTAL WALL TIME  :  45783.063 ms
------------------------------------------------------------
 [2] CPU UTILIZATION
     - User Mode (CPU)  :  42637.097 ms
     - Kernel Mode (SYS):   2939.971 ms
     - Threading Score  :       99.8 %
------------------------------------------------------------
 [3] MEMORY PROFILING
     - Peak RAM (VmHWM) :      92.27 MB  (94488 KB)
------------------------------------------------------------
 [4] STORAGE FOOTPRINT (Result Set)
     - RAM Occupied     :       0.67 MB  (697752 Bytes)
     - Est. Disk (.txt) :       0.22 MB  (232584 Bytes)
------------------------------------------------------------
 [5] MINING RESULTS
     - Frequent Itemsets: 29073
     - Total Items      : 0
============================================================

runner_status=OK
