label=efim
dataset=liquor_11
command=/home/autocookie/pomaieco/dm/bin/dm.exe efim /home/autocookie/pomaieco/dm/datasets/utilities/liquor_11.txt 1 5000
timeout=90s
----- output -----
Loading dataset (1): /home/autocookie/pomaieco/dm/datasets/utilities/liquor_11.txt
Executing EFIM Algorithm...
[EFIM] Found 56447 High Utility Itemsets.

============================================================
                  DATA MINING BENCHMARK REPORT              
============================================================
 Algorithm   : EFIM Algorithm
 Dataset     : /home/autocookie/pomaieco/dm/datasets/utilities/liquor_11.txt
------------------------------------------------------------
 [1] TIMING (High-Res)
     - I/O Load Data    :    110.018 ms
     - Algorithm Core   :  23987.300 ms
     - Write Results    :      0.000 ms
     - TOTAL WALL TIME  :  24099.239 ms
------------------------------------------------------------
 [2] CPU UTILIZATION
     - User Mode (CPU)  :  17722.702 ms
     - Kernel Mode (SYS):   6207.353 ms
     - Threading Score  :       99.8 %
------------------------------------------------------------
 [3] MEMORY PROFILING
     - Peak RAM (VmHWM) :      68.49 MB  (70136 KB)
------------------------------------------------------------
 [4] STORAGE FOOTPRINT (Result Set)
     - RAM Occupied     :       2.32 MB  (2437664 Bytes)
     - Est. Disk (.txt) :       1.72 MB  (1805246 Bytes)
------------------------------------------------------------
 [5] MINING RESULTS
     - Frequent Itemsets: 56447
     - Total Items      : 270734
============================================================

runner_status=OK
