label=mhoui
dataset=liquor_11
command=/home/autocookie/pomaieco/dm/bin/dm.exe mhoui /home/autocookie/pomaieco/dm/datasets/utilities/liquor_11.txt 1 0.02 0.30 5000
timeout=90s
----- output -----
Loading dataset (1): /home/autocookie/pomaieco/dm/datasets/utilities/liquor_11.txt
Executing MHOUI-Miner...
[MHOUI] Complete. HOUI=28 Weak=26 Strong=26 Output=26
[MHOUI] visited=172 candidates=4530 pruned_support=4358 pruned_twu=0 pruned_uub=0 pruned_oub1=14 pruned_oub2=0 pruned_dom=0

============================================================
                  DATA MINING BENCHMARK REPORT              
============================================================
 Algorithm   : MHOUI-Miner
 Dataset     : /home/autocookie/pomaieco/dm/datasets/utilities/liquor_11.txt
------------------------------------------------------------
 [1] TIMING (High-Res)
     - I/O Load Data    :    108.457 ms
     - Algorithm Core   :    149.618 ms
     - Write Results    :      0.000 ms
     - TOTAL WALL TIME  :    259.957 ms
------------------------------------------------------------
 [2] CPU UTILIZATION
     - User Mode (CPU)  :    136.050 ms
     - Kernel Mode (SYS):     11.838 ms
     - Threading Score  :       98.8 %
------------------------------------------------------------
 [3] MEMORY PROFILING
     - Peak RAM (VmHWM) :      41.04 MB  (42020 KB)
------------------------------------------------------------
 [4] STORAGE FOOTPRINT (Result Set)
     - RAM Occupied     :       0.00 MB  (868 Bytes)
     - Est. Disk (.txt) :       0.00 MB  (513 Bytes)
------------------------------------------------------------
 [5] MINING RESULTS
     - Frequent Itemsets: 26
     - Total Items      : 61
============================================================

runner_status=OK
